// Jest Snapshot v1, https://goo.gl/fbAQLP

exports[`can be rendered 1`] = `
<DocumentFragment>
  <div>
    [{"data":{"id":"node1","label":"Node 1","model":{"id":"node1","attributes":{"employer":"Committed"},"color":"yellow","label":"Node 1","size":10,"strokeColor":"black","opacity":1,"shape":"ellipse","strokeSize":2}},"style":{"backgroundColor":"yellow","width":10,"height":10,"shape":"ellipse","background-opacity":1,"background-image-opacity":1,"border-opacity":1,"border-color":"black"},"selected":false},{"data":{"id":"node2","label":"Node 2","model":{"id":"node2","attributes":{"employer":"Government"},"color":"green","label":"Node 2","size":12,"strokeColor":"black","opacity":0.9,"shape":"rectangle","strokeSize":3}},"style":{"backgroundColor":"green","width":12,"height":12,"shape":"rectangle","background-opacity":0.9,"background-image-opacity":0.9,"border-opacity":0.9,"border-color":"black"},"selected":false},{"data":{"id":"edge1","source":"node1","target":"node2","selected":false,"model":{"id":"edge1","attributes":{"role":"client"},"source":"node1","target":"node2"}},"style":{},"classes":"bezier"}]
  </div>
</DocumentFragment>
`;
